Rc files read:
  NONE
Latexmk: This is Latexmk, John Collins, 15 June 2025. Version 4.87.
Latexmk: applying rule 'pdflatex'...
Rule 'pdflatex':  Reasons for rerun
Changed files or newly in use/created:
  chapters/05-importance-sampling.tex
  figures/gibbs_vs_nn.png
Category 'changed_user':
  chapters/05-importance-sampling.tex
  figures/gibbs_vs_nn.png

------------
Run number 1 of rule 'pdflatex'
------------
------------
Running 'pdflatex  -interaction=nonstopmode -halt-on-error -recorder  "main.tex"'
------------
This is pdfTeX, Version 3.141592653-2.6-1.40.25 (MiKTeX 24.1) (preloaded format=pdflatex.fmt)
 restricted \write18 enabled.
entering extended mode
(main.tex
LaTeX2e <2023-11-01> patch level 1
L3 programming layer <2024-01-04>
(C:\Users\kaima\AppData\Local\Programs\MiKTeX\tex/latex/base\report.cls
Document Class: report 2023/05/17 v1.4n Standard LaTeX document class
(C:\Users\kaima\AppData\Local\Programs\MiKTeX\tex/latex/base\size11.clo))
(preamble.tex
(C:\Users\kaima\AppData\Local\Programs\MiKTeX\tex/latex/geometry\geometry.sty
(C:\Users\kaima\AppData\Local\Programs\MiKTeX\tex/latex/graphics\keyval.sty)
(C:\Users\kaima\AppData\Local\Programs\MiKTeX\tex/generic/iftex\ifvtex.sty
(C:\Users\kaima\AppData\Local\Programs\MiKTeX\tex/generic/iftex\iftex.sty))
(C:\Users\kaima\AppData\Local\Programs\MiKTeX\tex/latex/geometry\geometry.cfg))
(C:\Users\kaima\AppData\Local\Programs\MiKTeX\tex/latex/setspace\setspace.sty)
(C:\Users\kaima\AppData\Local\Programs\MiKTeX\tex/latex/parskip\parskip.sty
(C:\Users\kaima\AppData\Local\Programs\MiKTeX\tex/latex/kvoptions\kvoptions.sty
(C:\Users\kaima\AppData\Local\Programs\MiKTeX\tex/generic/ltxcmds\ltxcmds.sty)
(C:\Users\kaima\AppData\Local\Programs\MiKTeX\tex/latex/kvsetkeys\kvsetkeys.sty
))
(C:\Users\kaima\AppData\Local\Programs\MiKTeX\tex/latex/etoolbox\etoolbox.sty))
 (C:\Users\kaima\AppData\Local\Programs\MiKTeX\tex/latex/amsmath\amsmath.sty
For additional information on amsmath, use the `?' option.
(C:\Users\kaima\AppData\Local\Programs\MiKTeX\tex/latex/amsmath\amstext.sty
(C:\Users\kaima\AppData\Local\Programs\MiKTeX\tex/latex/amsmath\amsgen.sty))
(C:\Users\kaima\AppData\Local\Programs\MiKTeX\tex/latex/amsmath\amsbsy.sty)
(C:\Users\kaima\AppData\Local\Programs\MiKTeX\tex/latex/amsmath\amsopn.sty))
(C:\Users\kaima\AppData\Local\Programs\MiKTeX\tex/latex/amsfonts\amssymb.sty
(C:\Users\kaima\AppData\Local\Programs\MiKTeX\tex/latex/amsfonts\amsfonts.sty))
 (C:\Users\kaima\AppData\Local\Programs\MiKTeX\tex/latex/amscls\amsthm.sty)
(C:\Users\kaima\AppData\Local\Programs\MiKTeX\tex/latex/mathtools\mathtools.sty
(C:\Users\kaima\AppData\Local\Programs\MiKTeX\tex/latex/tools\calc.sty)
(C:\Users\kaima\AppData\Local\Programs\MiKTeX\tex/latex/mathtools\mhsetup.sty))
 (C:\Users\kaima\AppData\Local\Programs\MiKTeX\tex/latex/tools\bm.sty)
(C:\Users\kaima\AppData\Local\Programs\MiKTeX\tex/latex/graphics\graphicx.sty
(C:\Users\kaima\AppData\Local\Programs\MiKTeX\tex/latex/graphics\graphics.sty
(C:\Users\kaima\AppData\Local\Programs\MiKTeX\tex/latex/graphics\trig.sty)
(C:\Users\kaima\AppData\Local\Programs\MiKTeX\tex/latex/graphics-cfg\graphics.c
fg)
(C:\Users\kaima\AppData\Local\Programs\MiKTeX\tex/latex/graphics-def\pdftex.def
)))
(C:\Users\kaima\AppData\Local\Programs\MiKTeX\tex/latex/pgf/frontendlayer\tikz.
sty
(C:\Users\kaima\AppData\Local\Programs\MiKTeX\tex/latex/pgf/basiclayer\pgf.sty
(C:\Users\kaima\AppData\Local\Programs\MiKTeX\tex/latex/pgf/utilities\pgfrcs.st
y
(C:\Users\kaima\AppData\Local\Programs\MiKTeX\tex/generic/pgf/utilities\pgfutil
-common.tex)
(C:\Users\kaima\AppData\Local\Programs\MiKTeX\tex/generic/pgf/utilities\pgfutil
-latex.def)
(C:\Users\kaima\AppData\Local\Programs\MiKTeX\tex/generic/pgf/utilities\pgfrcs.
code.tex
(C:\Users\kaima\AppData\Local\Programs\MiKTeX\tex/generic/pgf\pgf.revision.tex)
))
(C:\Users\kaima\AppData\Local\Programs\MiKTeX\tex/latex/pgf/basiclayer\pgfcore.
sty
(C:\Users\kaima\AppData\Local\Programs\MiKTeX\tex/latex/pgf/systemlayer\pgfsys.
sty
(C:\Users\kaima\AppData\Local\Programs\MiKTeX\tex/generic/pgf/systemlayer\pgfsy
s.code.tex
(C:\Users\kaima\AppData\Local\Programs\MiKTeX\tex/generic/pgf/utilities\pgfkeys
.code.tex
(C:\Users\kaima\AppData\Local\Programs\MiKTeX\tex/generic/pgf/utilities\pgfkeys
libraryfiltered.code.tex))
(C:\Users\kaima\AppData\Local\Programs\MiKTeX\tex/generic/pgf/systemlayer\pgf.c
fg)
(C:\Users\kaima\AppData\Local\Programs\MiKTeX\tex/generic/pgf/systemlayer\pgfsy
s-pdftex.def
(C:\Users\kaima\AppData\Local\Programs\MiKTeX\tex/generic/pgf/systemlayer\pgfsy
s-common-pdf.def)))
(C:\Users\kaima\AppData\Local\Programs\MiKTeX\tex/generic/pgf/systemlayer\pgfsy
ssoftpath.code.tex)
(C:\Users\kaima\AppData\Local\Programs\MiKTeX\tex/generic/pgf/systemlayer\pgfsy
sprotocol.code.tex))
(C:\Users\kaima\AppData\Local\Programs\MiKTeX\tex/latex/xcolor\xcolor.sty
(C:\Users\kaima\AppData\Local\Programs\MiKTeX\tex/latex/graphics-cfg\color.cfg)
(C:\Users\kaima\AppData\Local\Programs\MiKTeX\tex/latex/graphics\mathcolor.ltx)
)
(C:\Users\kaima\AppData\Local\Programs\MiKTeX\tex/generic/pgf/basiclayer\pgfcor
e.code.tex
(C:\Users\kaima\AppData\Local\Programs\MiKTeX\tex/generic/pgf/math\pgfmath.code
.tex
(C:\Users\kaima\AppData\Local\Programs\MiKTeX\tex/generic/pgf/math\pgfmathutil.
code.tex)
(C:\Users\kaima\AppData\Local\Programs\MiKTeX\tex/generic/pgf/math\pgfmathparse
r.code.tex)
(C:\Users\kaima\AppData\Local\Programs\MiKTeX\tex/generic/pgf/math\pgfmathfunct
ions.code.tex)
(C:\Users\kaima\AppData\Local\Programs\MiKTeX\tex/generic/pgf/math\pgfmathfunct
ions.basic.code.tex)
(C:\Users\kaima\AppData\Local\Programs\MiKTeX\tex/generic/pgf/math\pgfmathfunct
ions.trigonometric.code.tex)
(C:\Users\kaima\AppData\Local\Programs\MiKTeX\tex/generic/pgf/math\pgfmathfunct
ions.random.code.tex)
(C:\Users\kaima\AppData\Local\Programs\MiKTeX\tex/generic/pgf/math\pgfmathfunct
ions.comparison.code.tex)
(C:\Users\kaima\AppData\Local\Programs\MiKTeX\tex/generic/pgf/math\pgfmathfunct
ions.base.code.tex)
(C:\Users\kaima\AppData\Local\Programs\MiKTeX\tex/generic/pgf/math\pgfmathfunct
ions.round.code.tex)
(C:\Users\kaima\AppData\Local\Programs\MiKTeX\tex/generic/pgf/math\pgfmathfunct
ions.misc.code.tex)
(C:\Users\kaima\AppData\Local\Programs\MiKTeX\tex/generic/pgf/math\pgfmathfunct
ions.integerarithmetics.code.tex)
(C:\Users\kaima\AppData\Local\Programs\MiKTeX\tex/generic/pgf/math\pgfmathcalc.
code.tex)
(C:\Users\kaima\AppData\Local\Programs\MiKTeX\tex/generic/pgf/math\pgfmathfloat
.code.tex))
(C:\Users\kaima\AppData\Local\Programs\MiKTeX\tex/generic/pgf/math\pgfint.code.
tex)
(C:\Users\kaima\AppData\Local\Programs\MiKTeX\tex/generic/pgf/basiclayer\pgfcor
epoints.code.tex)
(C:\Users\kaima\AppData\Local\Programs\MiKTeX\tex/generic/pgf/basiclayer\pgfcor
epathconstruct.code.tex)
(C:\Users\kaima\AppData\Local\Programs\MiKTeX\tex/generic/pgf/basiclayer\pgfcor
epathusage.code.tex)
(C:\Users\kaima\AppData\Local\Programs\MiKTeX\tex/generic/pgf/basiclayer\pgfcor
escopes.code.tex)
(C:\Users\kaima\AppData\Local\Programs\MiKTeX\tex/generic/pgf/basiclayer\pgfcor
egraphicstate.code.tex)
(C:\Users\kaima\AppData\Local\Programs\MiKTeX\tex/generic/pgf/basiclayer\pgfcor
etransformations.code.tex)
(C:\Users\kaima\AppData\Local\Programs\MiKTeX\tex/generic/pgf/basiclayer\pgfcor
equick.code.tex)
(C:\Users\kaima\AppData\Local\Programs\MiKTeX\tex/generic/pgf/basiclayer\pgfcor
eobjects.code.tex)
(C:\Users\kaima\AppData\Local\Programs\MiKTeX\tex/generic/pgf/basiclayer\pgfcor
epathprocessing.code.tex)
(C:\Users\kaima\AppData\Local\Programs\MiKTeX\tex/generic/pgf/basiclayer\pgfcor
earrows.code.tex)
(C:\Users\kaima\AppData\Local\Programs\MiKTeX\tex/generic/pgf/basiclayer\pgfcor
eshade.code.tex)
(C:\Users\kaima\AppData\Local\Programs\MiKTeX\tex/generic/pgf/basiclayer\pgfcor
eimage.code.tex)
(C:\Users\kaima\AppData\Local\Programs\MiKTeX\tex/generic/pgf/basiclayer\pgfcor
eexternal.code.tex)
(C:\Users\kaima\AppData\Local\Programs\MiKTeX\tex/generic/pgf/basiclayer\pgfcor
elayers.code.tex)
(C:\Users\kaima\AppData\Local\Programs\MiKTeX\tex/generic/pgf/basiclayer\pgfcor
etransparency.code.tex)
(C:\Users\kaima\AppData\Local\Programs\MiKTeX\tex/generic/pgf/basiclayer\pgfcor
epatterns.code.tex)
(C:\Users\kaima\AppData\Local\Programs\MiKTeX\tex/generic/pgf/basiclayer\pgfcor
erdf.code.tex)))
(C:\Users\kaima\AppData\Local\Programs\MiKTeX\tex/generic/pgf/modules\pgfmodule
shapes.code.tex)
(C:\Users\kaima\AppData\Local\Programs\MiKTeX\tex/generic/pgf/modules\pgfmodule
plot.code.tex)
(C:\Users\kaima\AppData\Local\Programs\MiKTeX\tex/latex/pgf/compatibility\pgfco
mp-version-0-65.sty)
(C:\Users\kaima\AppData\Local\Programs\MiKTeX\tex/latex/pgf/compatibility\pgfco
mp-version-1-18.sty))
(C:\Users\kaima\AppData\Local\Programs\MiKTeX\tex/latex/pgf/utilities\pgffor.st
y
(C:\Users\kaima\AppData\Local\Programs\MiKTeX\tex/latex/pgf/utilities\pgfkeys.s
ty
(C:\Users\kaima\AppData\Local\Programs\MiKTeX\tex/generic/pgf/utilities\pgfkeys
.code.tex))
(C:\Users\kaima\AppData\Local\Programs\MiKTeX\tex/latex/pgf/math\pgfmath.sty
(C:\Users\kaima\AppData\Local\Programs\MiKTeX\tex/generic/pgf/math\pgfmath.code
.tex))
(C:\Users\kaima\AppData\Local\Programs\MiKTeX\tex/generic/pgf/utilities\pgffor.
code.tex))
(C:\Users\kaima\AppData\Local\Programs\MiKTeX\tex/generic/pgf/frontendlayer/tik
z\tikz.code.tex
(C:\Users\kaima\AppData\Local\Programs\MiKTeX\tex/generic/pgf/libraries\pgflibr
aryplothandlers.code.tex)
(C:\Users\kaima\AppData\Local\Programs\MiKTeX\tex/generic/pgf/modules\pgfmodule
matrix.code.tex)
(C:\Users\kaima\AppData\Local\Programs\MiKTeX\tex/generic/pgf/frontendlayer/tik
z/libraries\tikzlibrarytopaths.code.tex)))
(C:\Users\kaima\AppData\Local\Programs\MiKTeX\tex/generic/pgf/libraries\pgflibr
aryarrows.meta.code.tex)
(C:\Users\kaima\AppData\Local\Programs\MiKTeX\tex/latex/booktabs\booktabs.sty)
(C:\Users\kaima\AppData\Local\Programs\MiKTeX\tex/latex/caption\caption.sty
(C:\Users\kaima\AppData\Local\Programs\MiKTeX\tex/latex/caption\caption3.sty))
(C:\Users\kaima\AppData\Local\Programs\MiKTeX\tex/latex/caption\subcaption.sty)
 (C:\Users\kaima\AppData\Local\Programs\MiKTeX\tex/latex/float\float.sty)
(C:\Users\kaima\AppData\Local\Programs\MiKTeX\tex/latex/algorithm2e\algorithm2e
.sty (C:\Users\kaima\AppData\Local\Programs\MiKTeX\tex/latex/base\ifthen.sty)
(C:\Users\kaima\AppData\Local\Programs\MiKTeX\tex/latex/ifoddpage\ifoddpage.sty
) (C:\Users\kaima\AppData\Local\Programs\MiKTeX\tex/latex/tools\xspace.sty)
(C:\Users\kaima\AppData\Local\Programs\MiKTeX\tex/latex/relsize\relsize.sty))
(C:\Users\kaima\AppData\Local\Programs\MiKTeX\tex/latex/natbib\natbib.sty)
(C:\Users\kaima\AppData\Local\Programs\MiKTeX\tex/latex/hyperref\hyperref.sty
(C:\Users\kaima\AppData\Local\Programs\MiKTeX\tex/generic/infwarerr\infwarerr.s
ty)
(C:\Users\kaima\AppData\Local\Programs\MiKTeX\tex/generic/kvdefinekeys\kvdefine
keys.sty)
(C:\Users\kaima\AppData\Local\Programs\MiKTeX\tex/generic/pdfescape\pdfescape.s
ty
(C:\Users\kaima\AppData\Local\Programs\MiKTeX\tex/generic/pdftexcmds\pdftexcmds
.sty))
(C:\Users\kaima\AppData\Local\Programs\MiKTeX\tex/latex/hycolor\hycolor.sty)
(C:\Users\kaima\AppData\Local\Programs\MiKTeX\tex/latex/letltxmacro\letltxmacro
.sty)
(C:\Users\kaima\AppData\Local\Programs\MiKTeX\tex/latex/auxhook\auxhook.sty)
(C:\Users\kaima\AppData\Local\Programs\MiKTeX\tex/latex/hyperref\nameref.sty
(C:\Users\kaima\AppData\Local\Programs\MiKTeX\tex/latex/refcount\refcount.sty)
(C:\Users\kaima\AppData\Local\Programs\MiKTeX\tex/generic/gettitlestring\gettit
lestring.sty))
(C:\Users\kaima\AppData\Local\Programs\MiKTeX\tex/latex/hyperref\pd1enc.def)
(C:\Users\kaima\AppData\Local\Programs\MiKTeX\tex/generic/intcalc\intcalc.sty)
(C:\Users\kaima\AppData\Local\Programs\MiKTeX\tex/latex/hyperref\puenc.def)
(C:\Users\kaima\AppData\Local\Programs\MiKTeX\tex/latex/url\url.sty)
(C:\Users\kaima\AppData\Local\Programs\MiKTeX\tex/generic/bitset\bitset.sty
(C:\Users\kaima\AppData\Local\Programs\MiKTeX\tex/generic/bigintcalc\bigintcalc
.sty))
(C:\Users\kaima\AppData\Local\Programs\MiKTeX\tex/latex/base\atbegshi-ltx.sty))
(C:\Users\kaima\AppData\Local\Programs\MiKTeX\tex/latex/hyperref\hpdftex.def
(C:\Users\kaima\AppData\Local\Programs\MiKTeX\tex/latex/base\atveryend-ltx.sty)

(C:\Users\kaima\AppData\Local\Programs\MiKTeX\tex/latex/rerunfilecheck\rerunfil
echeck.sty
(C:\Users\kaima\AppData\Local\Programs\MiKTeX\tex/generic/uniquecounter\uniquec
ounter.sty))))
(C:\Users\kaima\AppData\Local\Programs\MiKTeX\tex/latex/l3backend\l3backend-pdf
tex.def) (main.aux (chapters/01-introduction.aux) (chapters/02-mcmc.aux)
(chapters/03-amortization.aux) (chapters/04-rao-blackwellisation.aux)
(chapters/05-importance-sampling.aux) (chapters/06-conclusion.aux)
(chapters/A-appendix.aux))
*geometry* driver: auto-detecting
*geometry* detected driver: pdftex

(C:\Users\kaima\AppData\Local\Programs\MiKTeX\tex/context/base/mkii\supp-pdf.mk
ii
[Loading MPS to PDF converter (version 2006.09.02).]
)
(C:\Users\kaima\AppData\Local\Programs\MiKTeX\tex/latex/epstopdf-pkg\epstopdf-b
ase.sty
(C:\Users\kaima\AppData\Local\Programs\MiKTeX\tex/latex/00miktex\epstopdf-sys.c
fg)) (main.out) (main.out) [1{C:/Users/kaima/AppData/Local/MiKTeX/fonts/map/pdf
tex/pdftex.map}] (chapters/00-abstract.tex)
pdfTeX warning (ext4): destination with the same identifier (name{page.i}) has 
been already used, duplicate ignored
<to be read again> 
                   \relax 
l.51 \chapter
             *{Acknowledgements} [1] (chapters/00-acknowledgements.tex)
[2] (main.toc
(C:\Users\kaima\AppData\Local\Programs\MiKTeX\tex/latex/amsfonts\umsa.fd)
(C:\Users\kaima\AppData\Local\Programs\MiKTeX\tex/latex/amsfonts\umsb.fd)
[3] [4]) [5] (chapters/01-introduction.tex
Chapter 1.
[1] [2] [3]) [4] (chapters/02-mcmc.tex
Chapter 2.

Overfull \hbox (10.85698pt too wide) in paragraph at lines 27--32
\OT1/cmr/m/n/10.95 means, vari-ances, quan-tiles, or more gen-er-ally pos-te-ri
or ex-pec-ta-tions $\U/msb/m/n/10.95 E\OT1/cmr/m/n/10.95 [\OML/cmm/m/it/10.95 g
\OT1/cmr/m/n/10.95 (\OML/cmm/b/it/10.95 ^^R\OT1/cmr/m/n/10.95 ) \OMS/cmsy/m/n/1
0.95 j \OT1/cmr/bx/n/10.95 y\OT1/cmr/m/n/10.95 ] = [] \OML/cmm/m/it/10.95 g\OT1
/cmr/m/n/10.95 (\OML/cmm/b/it/10.95 ^^R\OT1/cmr/m/n/10.95 ) \OML/cmm/m/it/10.95
 p\OT1/cmr/m/n/10.95 (\OML/cmm/b/it/10.95 ^^R \OMS/cmsy/m/n/10.95 j \OT1/cmr/bx
/n/10.95 y\OT1/cmr/m/n/10.95 ) d\OML/cmm/b/it/10.95 ^^R$
[5] [6] [7] [8]
Overfull \hbox (2.51141pt too wide) in paragraph at lines 318--325
[]\OT1/cmr/m/n/10.95 The ac-cep-tance prob-a-bil-ity [][] de-pends on the pos-t
e-rior only through the ra-tio $\OML/cmm/m/it/10.95 p\OT1/cmr/m/n/10.95 (\OML/c
mm/b/it/10.95 ^^R[] \OMS/cmsy/m/n/10.95 j \OT1/cmr/bx/n/10.95 y\OT1/cmr/m/n/10.
95 )\OML/cmm/m/it/10.95 =p\OT1/cmr/m/n/10.95 (\OML/cmm/b/it/10.95 ^^R \OMS/cmsy
/m/n/10.95 j \OT1/cmr/bx/n/10.95 y\OT1/cmr/m/n/10.95 )$.
[9]
Overfull \hbox (10.05844pt too wide) in paragraph at lines 423--433
\OT1/cmr/m/n/10.95 where the sec-ond line fac-torises the joint pos-te-rior as 
$\OML/cmm/m/it/10.95 p\OT1/cmr/m/n/10.95 (\OML/cmm/b/it/10.95 ^^R[]\OML/cmm/m/i
t/10.95 ; \OML/cmm/b/it/10.95 ^^R[] \OMS/cmsy/m/n/10.95 j \OT1/cmr/bx/n/10.95 y
\OT1/cmr/m/n/10.95 ) = \OML/cmm/m/it/10.95 p\OT1/cmr/m/n/10.95 (\OML/cmm/b/it/1
0.95 ^^R[] \OMS/cmsy/m/n/10.95 j \OML/cmm/b/it/10.95 ^^R[]\OML/cmm/m/it/10.95 ;
 \OT1/cmr/bx/n/10.95 y\OT1/cmr/m/n/10.95 ) \OML/cmm/m/it/10.95 p\OT1/cmr/m/n/10
.95 (\OML/cmm/b/it/10.95 ^^R[] \OMS/cmsy/m/n/10.95 j \OT1/cmr/bx/n/10.95 y\OT1/
cmr/m/n/10.95 )$,
[10] [11] [12] [13] [14]) [15] (chapters/03-amortization.tex
Chapter 3.
[16]
Overfull \hbox (27.78682pt too wide) in paragraph at lines 101--111
[]\OT1/cmr/m/n/10.95 By the law of it-er-ated ex-pec-ta-tion the Bayes risk [][
] can be rewrit-ten as $\OML/cmm/m/it/10.95 r\OT1/cmr/m/n/10.95 ([]) = \U/msb/m
/n/10.95 E[][]E[]\OT1/cmr/m/n/10.95 [\OML/cmm/m/it/10.95 L\OT1/cmr/m/n/10.95 (\
OML/cmm/b/it/10.95 ^^R\OML/cmm/m/it/10.95 ; []\OT1/cmr/m/n/10.95 (\OT1/cmr/bx/n
/10.95 y\OT1/cmr/m/n/10.95 ))][]$.
[17] [18] [19] [20] [21] [22]) [23 <./figures/normal_model_estimates.png (PNG c
opy)>] (chapters/04-rao-blackwellisation.tex
Chapter 4.
[24] [25] [26] [27] [28] [29] [30] [31]
Overfull \hbox (25.1155pt too wide) in paragraph at lines 1051--1058
[]\OT1/cmr/m/n/10.95 This is the be-haviour Part I pre-dicts. Its gradient-vari
ance re-sult guar-an-tees that Rao-Blackwellisation
) [32] [33 <./figures/rb_tau_curves.png> <./figures/rb_tau_vs_samples.png>]
(chapters/05-importance-sampling.tex
Chapter 5.
[34] [35] [36] [37 <./figures/ar1_examples.png>] [38 <./figures/proposals.png>]
 [39 <./figures/samples_weighted.png>] [40 <./figures/region_breakdown.png>]
[41 <./figures/training_curves.png>] [42 <./figures/gibbs_vs_nn.png>] [43 <./fi
gures/binned_mse.png>]) [44] (chapters/06-conclusion.tex
Chapter 6.

Overfull \hbox (9.82729pt too wide) in paragraph at lines 42--60
\OT1/cmr/m/n/10.95 Chapter []5[] placed Rao-Blackwellisation along-side im-por-
tance sam-pling, a sec-ond variance-reduction
[45]) [46] (chapters/A-appendix.tex
Appendix A.
[47] [48]
Appendix B.

Overfull \hbox (0.49643pt too wide) in paragraph at lines 123--132
[]\OT1/cmr/m/n/10.95 The grid sweeps pa-ram-e-ter di-men-sion $\OML/cmm/m/it/10
.95 p \OMS/cmsy/m/n/10.95 2 f\OT1/cmr/m/n/10.95 2\OML/cmm/m/it/10.95 ; \OT1/cmr
/m/n/10.95 5\OML/cmm/m/it/10.95 ; \OT1/cmr/m/n/10.95 10\OML/cmm/m/it/10.95 ; \O
T1/cmr/m/n/10.95 20\OML/cmm/m/it/10.95 ; \OT1/cmr/m/n/10.95 30\OMS/cmsy/m/n/10.
95 g$ \OT1/cmr/m/n/10.95 and mini-batch size $\OML/cmm/m/it/10.95 B \OMS/cmsy/m
/n/10.95 2 f\OT1/cmr/m/n/10.95 4\OML/cmm/m/it/10.95 ; \OT1/cmr/m/n/10.95 16\OML
/cmm/m/it/10.95 ; \OT1/cmr/m/n/10.95 64\OML/cmm/m/it/10.95 ; \OT1/cmr/m/n/10.95
 256\OMS/cmsy/m/n/10.95 g$
[49] [50]) [51] (main.bbl [52] [53]) [54] (main.aux
(chapters/01-introduction.aux) (chapters/02-mcmc.aux)
(chapters/03-amortization.aux) (chapters/04-rao-blackwellisation.aux)
(chapters/05-importance-sampling.aux) (chapters/06-conclusion.aux)
(chapters/A-appendix.aux))

LaTeX Warning: Label(s) may have changed. Rerun to get cross-references right.

 )
(see the transcript file for additional information)<C:/Users/kaima/AppData/Loc
al/Programs/MiKTeX/fonts/type1/public/amsfonts/cm/cmbx10.pfb><C:/Users/kaima/Ap
pData/Local/Programs/MiKTeX/fonts/type1/public/amsfonts/cm/cmbx12.pfb><C:/Users
/kaima/AppData/Local/Programs/MiKTeX/fonts/type1/public/amsfonts/cm/cmbx8.pfb><
C:/Users/kaima/AppData/Local/Programs/MiKTeX/fonts/type1/public/amsfonts/cm/cmb
x9.pfb><C:/Users/kaima/AppData/Local/Programs/MiKTeX/fonts/type1/public/amsfont
s/cm/cmcsc10.pfb><C:/Users/kaima/AppData/Local/Programs/MiKTeX/fonts/type1/publ
ic/amsfonts/cm/cmex10.pfb><C:/Users/kaima/AppData/Local/Programs/MiKTeX/fonts/t
ype1/public/amsfonts/cm/cmmi10.pfb><C:/Users/kaima/AppData/Local/Programs/MiKTe
X/fonts/type1/public/amsfonts/cm/cmmi6.pfb><C:/Users/kaima/AppData/Local/Progra
ms/MiKTeX/fonts/type1/public/amsfonts/cm/cmmi7.pfb><C:/Users/kaima/AppData/Loca
l/Programs/MiKTeX/fonts/type1/public/amsfonts/cm/cmmi8.pfb><C:/Users/kaima/AppD
ata/Local/Programs/MiKTeX/fonts/type1/public/amsfonts/cm/cmmi9.pfb><C:/Users/ka
ima/AppData/Local/Programs/MiKTeX/fonts/type1/public/amsfonts/cm/cmmib10.pfb><C
:/Users/kaima/AppData/Local/Programs/MiKTeX/fonts/type1/public/amsfonts/cmextra
/cmmib8.pfb><C:/Users/kaima/AppData/Local/Programs/MiKTeX/fonts/type1/public/am
sfonts/cm/cmr10.pfb><C:/Users/kaima/AppData/Local/Programs/MiKTeX/fonts/type1/p
ublic/amsfonts/cm/cmr12.pfb><C:/Users/kaima/AppData/Local/Programs/MiKTeX/fonts
/type1/public/amsfonts/cm/cmr6.pfb><C:/Users/kaima/AppData/Local/Programs/MiKTe
X/fonts/type1/public/amsfonts/cm/cmr7.pfb><C:/Users/kaima/AppData/Local/Program
s/MiKTeX/fonts/type1/public/amsfonts/cm/cmr8.pfb><C:/Users/kaima/AppData/Local/
Programs/MiKTeX/fonts/type1/public/amsfonts/cm/cmr9.pfb><C:/Users/kaima/AppData
/Local/Programs/MiKTeX/fonts/type1/public/amsfonts/cm/cmsy10.pfb><C:/Users/kaim
a/AppData/Local/Programs/MiKTeX/fonts/type1/public/amsfonts/cm/cmsy6.pfb><C:/Us
ers/kaima/AppData/Local/Programs/MiKTeX/fonts/type1/public/amsfonts/cm/cmsy7.pf
b><C:/Users/kaima/AppData/Local/Programs/MiKTeX/fonts/type1/public/amsfonts/cm/
cmsy8.pfb><C:/Users/kaima/AppData/Local/Programs/MiKTeX/fonts/type1/public/amsf
onts/cm/cmti10.pfb><C:/Users/kaima/AppData/Local/Programs/MiKTeX/fonts/type1/pu
blic/amsfonts/cm/cmtt10.pfb><C:/Users/kaima/AppData/Local/Programs/MiKTeX/fonts
/type1/public/amsfonts/symbols/msbm10.pfb>
Output written on main.pdf (60 pages, 3194586 bytes).
Transcript written on main.log.
Latexmk: Getting log file 'main.log'
Latexmk: Examining 'main.fls'
Latexmk: Examining 'main.log'
Latexmk: Found input bbl file 'main.bbl'
Latexmk: References changed.
Latexmk: Log file says output to 'main.pdf'
Latexmk: Using bibtex to make bibliography file(s).
  ===Source file 'main.bbl' for 'pdflatex'
Latexmk: Found bibliography file(s):
  ./references.bib
Latexmk: applying rule 'bibtex main'...
Rule 'bibtex main':  Reasons for rerun
Changed files or newly in use/created:
  chapters/05-importance-sampling.aux

------------
Run number 1 of rule 'bibtex main'
------------
------------
Running 'bibtex  "main.aux"'
------------
This is BibTeX, Version 0.99d (MiKTeX 24.1)
The top-level auxiliary file: main.aux
The style file: plainnat.bst
Database file #1: references.bib
Latexmk: applying rule 'pdflatex'...
Rule 'pdflatex':  Reasons for rerun
Changed files or newly in use/created:
  chapters/05-importance-sampling.aux

------------
Run number 2 of rule 'pdflatex'
------------
------------
Running 'pdflatex  -interaction=nonstopmode -halt-on-error -recorder  "main.tex"'
------------
This is pdfTeX, Version 3.141592653-2.6-1.40.25 (MiKTeX 24.1) (preloaded format=pdflatex.fmt)
 restricted \write18 enabled.
entering extended mode
(main.tex
LaTeX2e <2023-11-01> patch level 1
L3 programming layer <2024-01-04>
(C:\Users\kaima\AppData\Local\Programs\MiKTeX\tex/latex/base\report.cls
Document Class: report 2023/05/17 v1.4n Standard LaTeX document class
(C:\Users\kaima\AppData\Local\Programs\MiKTeX\tex/latex/base\size11.clo))
(preamble.tex
(C:\Users\kaima\AppData\Local\Programs\MiKTeX\tex/latex/geometry\geometry.sty
(C:\Users\kaima\AppData\Local\Programs\MiKTeX\tex/latex/graphics\keyval.sty)
(C:\Users\kaima\AppData\Local\Programs\MiKTeX\tex/generic/iftex\ifvtex.sty
(C:\Users\kaima\AppData\Local\Programs\MiKTeX\tex/generic/iftex\iftex.sty))
(C:\Users\kaima\AppData\Local\Programs\MiKTeX\tex/latex/geometry\geometry.cfg))
(C:\Users\kaima\AppData\Local\Programs\MiKTeX\tex/latex/setspace\setspace.sty)
(C:\Users\kaima\AppData\Local\Programs\MiKTeX\tex/latex/parskip\parskip.sty
(C:\Users\kaima\AppData\Local\Programs\MiKTeX\tex/latex/kvoptions\kvoptions.sty
(C:\Users\kaima\AppData\Local\Programs\MiKTeX\tex/generic/ltxcmds\ltxcmds.sty)
(C:\Users\kaima\AppData\Local\Programs\MiKTeX\tex/latex/kvsetkeys\kvsetkeys.sty
))
(C:\Users\kaima\AppData\Local\Programs\MiKTeX\tex/latex/etoolbox\etoolbox.sty))
 (C:\Users\kaima\AppData\Local\Programs\MiKTeX\tex/latex/amsmath\amsmath.sty
For additional information on amsmath, use the `?' option.
(C:\Users\kaima\AppData\Local\Programs\MiKTeX\tex/latex/amsmath\amstext.sty
(C:\Users\kaima\AppData\Local\Programs\MiKTeX\tex/latex/amsmath\amsgen.sty))
(C:\Users\kaima\AppData\Local\Programs\MiKTeX\tex/latex/amsmath\amsbsy.sty)
(C:\Users\kaima\AppData\Local\Programs\MiKTeX\tex/latex/amsmath\amsopn.sty))
(C:\Users\kaima\AppData\Local\Programs\MiKTeX\tex/latex/amsfonts\amssymb.sty
(C:\Users\kaima\AppData\Local\Programs\MiKTeX\tex/latex/amsfonts\amsfonts.sty))
 (C:\Users\kaima\AppData\Local\Programs\MiKTeX\tex/latex/amscls\amsthm.sty)
(C:\Users\kaima\AppData\Local\Programs\MiKTeX\tex/latex/mathtools\mathtools.sty
(C:\Users\kaima\AppData\Local\Programs\MiKTeX\tex/latex/tools\calc.sty)
(C:\Users\kaima\AppData\Local\Programs\MiKTeX\tex/latex/mathtools\mhsetup.sty))
 (C:\Users\kaima\AppData\Local\Programs\MiKTeX\tex/latex/tools\bm.sty)
(C:\Users\kaima\AppData\Local\Programs\MiKTeX\tex/latex/graphics\graphicx.sty
(C:\Users\kaima\AppData\Local\Programs\MiKTeX\tex/latex/graphics\graphics.sty
(C:\Users\kaima\AppData\Local\Programs\MiKTeX\tex/latex/graphics\trig.sty)
(C:\Users\kaima\AppData\Local\Programs\MiKTeX\tex/latex/graphics-cfg\graphics.c
fg)
(C:\Users\kaima\AppData\Local\Programs\MiKTeX\tex/latex/graphics-def\pdftex.def
)))
(C:\Users\kaima\AppData\Local\Programs\MiKTeX\tex/latex/pgf/frontendlayer\tikz.
sty
(C:\Users\kaima\AppData\Local\Programs\MiKTeX\tex/latex/pgf/basiclayer\pgf.sty
(C:\Users\kaima\AppData\Local\Programs\MiKTeX\tex/latex/pgf/utilities\pgfrcs.st
y
(C:\Users\kaima\AppData\Local\Programs\MiKTeX\tex/generic/pgf/utilities\pgfutil
-common.tex)
(C:\Users\kaima\AppData\Local\Programs\MiKTeX\tex/generic/pgf/utilities\pgfutil
-latex.def)
(C:\Users\kaima\AppData\Local\Programs\MiKTeX\tex/generic/pgf/utilities\pgfrcs.
code.tex
(C:\Users\kaima\AppData\Local\Programs\MiKTeX\tex/generic/pgf\pgf.revision.tex)
))
(C:\Users\kaima\AppData\Local\Programs\MiKTeX\tex/latex/pgf/basiclayer\pgfcore.
sty
(C:\Users\kaima\AppData\Local\Programs\MiKTeX\tex/latex/pgf/systemlayer\pgfsys.
sty
(C:\Users\kaima\AppData\Local\Programs\MiKTeX\tex/generic/pgf/systemlayer\pgfsy
s.code.tex
(C:\Users\kaima\AppData\Local\Programs\MiKTeX\tex/generic/pgf/utilities\pgfkeys
.code.tex
(C:\Users\kaima\AppData\Local\Programs\MiKTeX\tex/generic/pgf/utilities\pgfkeys
libraryfiltered.code.tex))
(C:\Users\kaima\AppData\Local\Programs\MiKTeX\tex/generic/pgf/systemlayer\pgf.c
fg)
(C:\Users\kaima\AppData\Local\Programs\MiKTeX\tex/generic/pgf/systemlayer\pgfsy
s-pdftex.def
(C:\Users\kaima\AppData\Local\Programs\MiKTeX\tex/generic/pgf/systemlayer\pgfsy
s-common-pdf.def)))
(C:\Users\kaima\AppData\Local\Programs\MiKTeX\tex/generic/pgf/systemlayer\pgfsy
ssoftpath.code.tex)
(C:\Users\kaima\AppData\Local\Programs\MiKTeX\tex/generic/pgf/systemlayer\pgfsy
sprotocol.code.tex))
(C:\Users\kaima\AppData\Local\Programs\MiKTeX\tex/latex/xcolor\xcolor.sty
(C:\Users\kaima\AppData\Local\Programs\MiKTeX\tex/latex/graphics-cfg\color.cfg)
(C:\Users\kaima\AppData\Local\Programs\MiKTeX\tex/latex/graphics\mathcolor.ltx)
)
(C:\Users\kaima\AppData\Local\Programs\MiKTeX\tex/generic/pgf/basiclayer\pgfcor
e.code.tex
(C:\Users\kaima\AppData\Local\Programs\MiKTeX\tex/generic/pgf/math\pgfmath.code
.tex
(C:\Users\kaima\AppData\Local\Programs\MiKTeX\tex/generic/pgf/math\pgfmathutil.
code.tex)
(C:\Users\kaima\AppData\Local\Programs\MiKTeX\tex/generic/pgf/math\pgfmathparse
r.code.tex)
(C:\Users\kaima\AppData\Local\Programs\MiKTeX\tex/generic/pgf/math\pgfmathfunct
ions.code.tex)
(C:\Users\kaima\AppData\Local\Programs\MiKTeX\tex/generic/pgf/math\pgfmathfunct
ions.basic.code.tex)
(C:\Users\kaima\AppData\Local\Programs\MiKTeX\tex/generic/pgf/math\pgfmathfunct
ions.trigonometric.code.tex)
(C:\Users\kaima\AppData\Local\Programs\MiKTeX\tex/generic/pgf/math\pgfmathfunct
ions.random.code.tex)
(C:\Users\kaima\AppData\Local\Programs\MiKTeX\tex/generic/pgf/math\pgfmathfunct
ions.comparison.code.tex)
(C:\Users\kaima\AppData\Local\Programs\MiKTeX\tex/generic/pgf/math\pgfmathfunct
ions.base.code.tex)
(C:\Users\kaima\AppData\Local\Programs\MiKTeX\tex/generic/pgf/math\pgfmathfunct
ions.round.code.tex)
(C:\Users\kaima\AppData\Local\Programs\MiKTeX\tex/generic/pgf/math\pgfmathfunct
ions.misc.code.tex)
(C:\Users\kaima\AppData\Local\Programs\MiKTeX\tex/generic/pgf/math\pgfmathfunct
ions.integerarithmetics.code.tex)
(C:\Users\kaima\AppData\Local\Programs\MiKTeX\tex/generic/pgf/math\pgfmathcalc.
code.tex)
(C:\Users\kaima\AppData\Local\Programs\MiKTeX\tex/generic/pgf/math\pgfmathfloat
.code.tex))
(C:\Users\kaima\AppData\Local\Programs\MiKTeX\tex/generic/pgf/math\pgfint.code.
tex)
(C:\Users\kaima\AppData\Local\Programs\MiKTeX\tex/generic/pgf/basiclayer\pgfcor
epoints.code.tex)
(C:\Users\kaima\AppData\Local\Programs\MiKTeX\tex/generic/pgf/basiclayer\pgfcor
epathconstruct.code.tex)
(C:\Users\kaima\AppData\Local\Programs\MiKTeX\tex/generic/pgf/basiclayer\pgfcor
epathusage.code.tex)
(C:\Users\kaima\AppData\Local\Programs\MiKTeX\tex/generic/pgf/basiclayer\pgfcor
escopes.code.tex)
(C:\Users\kaima\AppData\Local\Programs\MiKTeX\tex/generic/pgf/basiclayer\pgfcor
egraphicstate.code.tex)
(C:\Users\kaima\AppData\Local\Programs\MiKTeX\tex/generic/pgf/basiclayer\pgfcor
etransformations.code.tex)
(C:\Users\kaima\AppData\Local\Programs\MiKTeX\tex/generic/pgf/basiclayer\pgfcor
equick.code.tex)
(C:\Users\kaima\AppData\Local\Programs\MiKTeX\tex/generic/pgf/basiclayer\pgfcor
eobjects.code.tex)
(C:\Users\kaima\AppData\Local\Programs\MiKTeX\tex/generic/pgf/basiclayer\pgfcor
epathprocessing.code.tex)
(C:\Users\kaima\AppData\Local\Programs\MiKTeX\tex/generic/pgf/basiclayer\pgfcor
earrows.code.tex)
(C:\Users\kaima\AppData\Local\Programs\MiKTeX\tex/generic/pgf/basiclayer\pgfcor
eshade.code.tex)
(C:\Users\kaima\AppData\Local\Programs\MiKTeX\tex/generic/pgf/basiclayer\pgfcor
eimage.code.tex)
(C:\Users\kaima\AppData\Local\Programs\MiKTeX\tex/generic/pgf/basiclayer\pgfcor
eexternal.code.tex)
(C:\Users\kaima\AppData\Local\Programs\MiKTeX\tex/generic/pgf/basiclayer\pgfcor
elayers.code.tex)
(C:\Users\kaima\AppData\Local\Programs\MiKTeX\tex/generic/pgf/basiclayer\pgfcor
etransparency.code.tex)
(C:\Users\kaima\AppData\Local\Programs\MiKTeX\tex/generic/pgf/basiclayer\pgfcor
epatterns.code.tex)
(C:\Users\kaima\AppData\Local\Programs\MiKTeX\tex/generic/pgf/basiclayer\pgfcor
erdf.code.tex)))
(C:\Users\kaima\AppData\Local\Programs\MiKTeX\tex/generic/pgf/modules\pgfmodule
shapes.code.tex)
(C:\Users\kaima\AppData\Local\Programs\MiKTeX\tex/generic/pgf/modules\pgfmodule
plot.code.tex)
(C:\Users\kaima\AppData\Local\Programs\MiKTeX\tex/latex/pgf/compatibility\pgfco
mp-version-0-65.sty)
(C:\Users\kaima\AppData\Local\Programs\MiKTeX\tex/latex/pgf/compatibility\pgfco
mp-version-1-18.sty))
(C:\Users\kaima\AppData\Local\Programs\MiKTeX\tex/latex/pgf/utilities\pgffor.st
y
(C:\Users\kaima\AppData\Local\Programs\MiKTeX\tex/latex/pgf/utilities\pgfkeys.s
ty
(C:\Users\kaima\AppData\Local\Programs\MiKTeX\tex/generic/pgf/utilities\pgfkeys
.code.tex))
(C:\Users\kaima\AppData\Local\Programs\MiKTeX\tex/latex/pgf/math\pgfmath.sty
(C:\Users\kaima\AppData\Local\Programs\MiKTeX\tex/generic/pgf/math\pgfmath.code
.tex))
(C:\Users\kaima\AppData\Local\Programs\MiKTeX\tex/generic/pgf/utilities\pgffor.
code.tex))
(C:\Users\kaima\AppData\Local\Programs\MiKTeX\tex/generic/pgf/frontendlayer/tik
z\tikz.code.tex
(C:\Users\kaima\AppData\Local\Programs\MiKTeX\tex/generic/pgf/libraries\pgflibr
aryplothandlers.code.tex)
(C:\Users\kaima\AppData\Local\Programs\MiKTeX\tex/generic/pgf/modules\pgfmodule
matrix.code.tex)
(C:\Users\kaima\AppData\Local\Programs\MiKTeX\tex/generic/pgf/frontendlayer/tik
z/libraries\tikzlibrarytopaths.code.tex)))
(C:\Users\kaima\AppData\Local\Programs\MiKTeX\tex/generic/pgf/libraries\pgflibr
aryarrows.meta.code.tex)
(C:\Users\kaima\AppData\Local\Programs\MiKTeX\tex/latex/booktabs\booktabs.sty)
(C:\Users\kaima\AppData\Local\Programs\MiKTeX\tex/latex/caption\caption.sty
(C:\Users\kaima\AppData\Local\Programs\MiKTeX\tex/latex/caption\caption3.sty))
(C:\Users\kaima\AppData\Local\Programs\MiKTeX\tex/latex/caption\subcaption.sty)
 (C:\Users\kaima\AppData\Local\Programs\MiKTeX\tex/latex/float\float.sty)
(C:\Users\kaima\AppData\Local\Programs\MiKTeX\tex/latex/algorithm2e\algorithm2e
.sty (C:\Users\kaima\AppData\Local\Programs\MiKTeX\tex/latex/base\ifthen.sty)
(C:\Users\kaima\AppData\Local\Programs\MiKTeX\tex/latex/ifoddpage\ifoddpage.sty
) (C:\Users\kaima\AppData\Local\Programs\MiKTeX\tex/latex/tools\xspace.sty)
(C:\Users\kaima\AppData\Local\Programs\MiKTeX\tex/latex/relsize\relsize.sty))
(C:\Users\kaima\AppData\Local\Programs\MiKTeX\tex/latex/natbib\natbib.sty)
(C:\Users\kaima\AppData\Local\Programs\MiKTeX\tex/latex/hyperref\hyperref.sty
(C:\Users\kaima\AppData\Local\Programs\MiKTeX\tex/generic/infwarerr\infwarerr.s
ty)
(C:\Users\kaima\AppData\Local\Programs\MiKTeX\tex/generic/kvdefinekeys\kvdefine
keys.sty)
(C:\Users\kaima\AppData\Local\Programs\MiKTeX\tex/generic/pdfescape\pdfescape.s
ty
(C:\Users\kaima\AppData\Local\Programs\MiKTeX\tex/generic/pdftexcmds\pdftexcmds
.sty))
(C:\Users\kaima\AppData\Local\Programs\MiKTeX\tex/latex/hycolor\hycolor.sty)
(C:\Users\kaima\AppData\Local\Programs\MiKTeX\tex/latex/letltxmacro\letltxmacro
.sty)
(C:\Users\kaima\AppData\Local\Programs\MiKTeX\tex/latex/auxhook\auxhook.sty)
(C:\Users\kaima\AppData\Local\Programs\MiKTeX\tex/latex/hyperref\nameref.sty
(C:\Users\kaima\AppData\Local\Programs\MiKTeX\tex/latex/refcount\refcount.sty)
(C:\Users\kaima\AppData\Local\Programs\MiKTeX\tex/generic/gettitlestring\gettit
lestring.sty))
(C:\Users\kaima\AppData\Local\Programs\MiKTeX\tex/latex/hyperref\pd1enc.def)
(C:\Users\kaima\AppData\Local\Programs\MiKTeX\tex/generic/intcalc\intcalc.sty)
(C:\Users\kaima\AppData\Local\Programs\MiKTeX\tex/latex/hyperref\puenc.def)
(C:\Users\kaima\AppData\Local\Programs\MiKTeX\tex/latex/url\url.sty)
(C:\Users\kaima\AppData\Local\Programs\MiKTeX\tex/generic/bitset\bitset.sty
(C:\Users\kaima\AppData\Local\Programs\MiKTeX\tex/generic/bigintcalc\bigintcalc
.sty))
(C:\Users\kaima\AppData\Local\Programs\MiKTeX\tex/latex/base\atbegshi-ltx.sty))
(C:\Users\kaima\AppData\Local\Programs\MiKTeX\tex/latex/hyperref\hpdftex.def
(C:\Users\kaima\AppData\Local\Programs\MiKTeX\tex/latex/base\atveryend-ltx.sty)

(C:\Users\kaima\AppData\Local\Programs\MiKTeX\tex/latex/rerunfilecheck\rerunfil
echeck.sty
(C:\Users\kaima\AppData\Local\Programs\MiKTeX\tex/generic/uniquecounter\uniquec
ounter.sty))))
(C:\Users\kaima\AppData\Local\Programs\MiKTeX\tex/latex/l3backend\l3backend-pdf
tex.def) (main.aux (chapters/01-introduction.aux) (chapters/02-mcmc.aux)
(chapters/03-amortization.aux) (chapters/04-rao-blackwellisation.aux)
(chapters/05-importance-sampling.aux) (chapters/06-conclusion.aux)
(chapters/A-appendix.aux))
*geometry* driver: auto-detecting
*geometry* detected driver: pdftex

(C:\Users\kaima\AppData\Local\Programs\MiKTeX\tex/context/base/mkii\supp-pdf.mk
ii
[Loading MPS to PDF converter (version 2006.09.02).]
)
(C:\Users\kaima\AppData\Local\Programs\MiKTeX\tex/latex/epstopdf-pkg\epstopdf-b
ase.sty
(C:\Users\kaima\AppData\Local\Programs\MiKTeX\tex/latex/00miktex\epstopdf-sys.c
fg)) (main.out) (main.out) [1{C:/Users/kaima/AppData/Local/MiKTeX/fonts/map/pdf
tex/pdftex.map}] (chapters/00-abstract.tex)
pdfTeX warning (ext4): destination with the same identifier (name{page.i}) has 
been already used, duplicate ignored
<to be read again> 
                   \relax 
l.51 \chapter
             *{Acknowledgements} [1] (chapters/00-acknowledgements.tex)
[2] (main.toc
(C:\Users\kaima\AppData\Local\Programs\MiKTeX\tex/latex/amsfonts\umsa.fd)
(C:\Users\kaima\AppData\Local\Programs\MiKTeX\tex/latex/amsfonts\umsb.fd)
[3] [4]) [5] (chapters/01-introduction.tex
Chapter 1.
[1] [2] [3]) [4] (chapters/02-mcmc.tex
Chapter 2.

Overfull \hbox (10.85698pt too wide) in paragraph at lines 27--32
\OT1/cmr/m/n/10.95 means, vari-ances, quan-tiles, or more gen-er-ally pos-te-ri
or ex-pec-ta-tions $\U/msb/m/n/10.95 E\OT1/cmr/m/n/10.95 [\OML/cmm/m/it/10.95 g
\OT1/cmr/m/n/10.95 (\OML/cmm/b/it/10.95 ^^R\OT1/cmr/m/n/10.95 ) \OMS/cmsy/m/n/1
0.95 j \OT1/cmr/bx/n/10.95 y\OT1/cmr/m/n/10.95 ] = [] \OML/cmm/m/it/10.95 g\OT1
/cmr/m/n/10.95 (\OML/cmm/b/it/10.95 ^^R\OT1/cmr/m/n/10.95 ) \OML/cmm/m/it/10.95
 p\OT1/cmr/m/n/10.95 (\OML/cmm/b/it/10.95 ^^R \OMS/cmsy/m/n/10.95 j \OT1/cmr/bx
/n/10.95 y\OT1/cmr/m/n/10.95 ) d\OML/cmm/b/it/10.95 ^^R$
[5] [6] [7] [8]
Overfull \hbox (2.51141pt too wide) in paragraph at lines 318--325
[]\OT1/cmr/m/n/10.95 The ac-cep-tance prob-a-bil-ity [][] de-pends on the pos-t
e-rior only through the ra-tio $\OML/cmm/m/it/10.95 p\OT1/cmr/m/n/10.95 (\OML/c
mm/b/it/10.95 ^^R[] \OMS/cmsy/m/n/10.95 j \OT1/cmr/bx/n/10.95 y\OT1/cmr/m/n/10.
95 )\OML/cmm/m/it/10.95 =p\OT1/cmr/m/n/10.95 (\OML/cmm/b/it/10.95 ^^R \OMS/cmsy
/m/n/10.95 j \OT1/cmr/bx/n/10.95 y\OT1/cmr/m/n/10.95 )$.
[9]
Overfull \hbox (10.05844pt too wide) in paragraph at lines 423--433
\OT1/cmr/m/n/10.95 where the sec-ond line fac-torises the joint pos-te-rior as 
$\OML/cmm/m/it/10.95 p\OT1/cmr/m/n/10.95 (\OML/cmm/b/it/10.95 ^^R[]\OML/cmm/m/i
t/10.95 ; \OML/cmm/b/it/10.95 ^^R[] \OMS/cmsy/m/n/10.95 j \OT1/cmr/bx/n/10.95 y
\OT1/cmr/m/n/10.95 ) = \OML/cmm/m/it/10.95 p\OT1/cmr/m/n/10.95 (\OML/cmm/b/it/1
0.95 ^^R[] \OMS/cmsy/m/n/10.95 j \OML/cmm/b/it/10.95 ^^R[]\OML/cmm/m/it/10.95 ;
 \OT1/cmr/bx/n/10.95 y\OT1/cmr/m/n/10.95 ) \OML/cmm/m/it/10.95 p\OT1/cmr/m/n/10
.95 (\OML/cmm/b/it/10.95 ^^R[] \OMS/cmsy/m/n/10.95 j \OT1/cmr/bx/n/10.95 y\OT1/
cmr/m/n/10.95 )$,
[10] [11] [12] [13] [14]) [15] (chapters/03-amortization.tex
Chapter 3.
[16]
Overfull \hbox (27.78682pt too wide) in paragraph at lines 101--111
[]\OT1/cmr/m/n/10.95 By the law of it-er-ated ex-pec-ta-tion the Bayes risk [][
] can be rewrit-ten as $\OML/cmm/m/it/10.95 r\OT1/cmr/m/n/10.95 ([]) = \U/msb/m
/n/10.95 E[][]E[]\OT1/cmr/m/n/10.95 [\OML/cmm/m/it/10.95 L\OT1/cmr/m/n/10.95 (\
OML/cmm/b/it/10.95 ^^R\OML/cmm/m/it/10.95 ; []\OT1/cmr/m/n/10.95 (\OT1/cmr/bx/n
/10.95 y\OT1/cmr/m/n/10.95 ))][]$.
[17] [18] [19] [20] [21] [22]) [23 <./figures/normal_model_estimates.png (PNG c
opy)>] (chapters/04-rao-blackwellisation.tex
Chapter 4.
[24] [25] [26] [27] [28] [29] [30] [31]
Overfull \hbox (25.1155pt too wide) in paragraph at lines 1051--1058
[]\OT1/cmr/m/n/10.95 This is the be-haviour Part I pre-dicts. Its gradient-vari
ance re-sult guar-an-tees that Rao-Blackwellisation
) [32] [33 <./figures/rb_tau_curves.png> <./figures/rb_tau_vs_samples.png>]
(chapters/05-importance-sampling.tex
Chapter 5.
[34] [35] [36] [37 <./figures/ar1_examples.png>] [38 <./figures/proposals.png>]
 [39 <./figures/samples_weighted.png>] [40 <./figures/region_breakdown.png>]
[41 <./figures/training_curves.png>] [42 <./figures/gibbs_vs_nn.png>] [43 <./fi
gures/binned_mse.png>]) [44] (chapters/06-conclusion.tex
Chapter 6.

Overfull \hbox (9.82729pt too wide) in paragraph at lines 42--60
\OT1/cmr/m/n/10.95 Chapter []5[] placed Rao-Blackwellisation along-side im-por-
tance sam-pling, a sec-ond variance-reduction
[45]) [46] (chapters/A-appendix.tex
Appendix A.
[47] [48]
Appendix B.

Overfull \hbox (0.49643pt too wide) in paragraph at lines 123--132
[]\OT1/cmr/m/n/10.95 The grid sweeps pa-ram-e-ter di-men-sion $\OML/cmm/m/it/10
.95 p \OMS/cmsy/m/n/10.95 2 f\OT1/cmr/m/n/10.95 2\OML/cmm/m/it/10.95 ; \OT1/cmr
/m/n/10.95 5\OML/cmm/m/it/10.95 ; \OT1/cmr/m/n/10.95 10\OML/cmm/m/it/10.95 ; \O
T1/cmr/m/n/10.95 20\OML/cmm/m/it/10.95 ; \OT1/cmr/m/n/10.95 30\OMS/cmsy/m/n/10.
95 g$ \OT1/cmr/m/n/10.95 and mini-batch size $\OML/cmm/m/it/10.95 B \OMS/cmsy/m
/n/10.95 2 f\OT1/cmr/m/n/10.95 4\OML/cmm/m/it/10.95 ; \OT1/cmr/m/n/10.95 16\OML
/cmm/m/it/10.95 ; \OT1/cmr/m/n/10.95 64\OML/cmm/m/it/10.95 ; \OT1/cmr/m/n/10.95
 256\OMS/cmsy/m/n/10.95 g$
[49] [50]) [51] (main.bbl [52] [53]) [54] (main.aux
(chapters/01-introduction.aux) (chapters/02-mcmc.aux)
(chapters/03-amortization.aux) (chapters/04-rao-blackwellisation.aux)
(chapters/05-importance-sampling.aux) (chapters/06-conclusion.aux)
(chapters/A-appendix.aux)) )
(see the transcript file for additional information)<C:/Users/kaima/AppData/Loc
al/Programs/MiKTeX/fonts/type1/public/amsfonts/cm/cmbx10.pfb><C:/Users/kaima/Ap
pData/Local/Programs/MiKTeX/fonts/type1/public/amsfonts/cm/cmbx12.pfb><C:/Users
/kaima/AppData/Local/Programs/MiKTeX/fonts/type1/public/amsfonts/cm/cmbx8.pfb><
C:/Users/kaima/AppData/Local/Programs/MiKTeX/fonts/type1/public/amsfonts/cm/cmb
x9.pfb><C:/Users/kaima/AppData/Local/Programs/MiKTeX/fonts/type1/public/amsfont
s/cm/cmcsc10.pfb><C:/Users/kaima/AppData/Local/Programs/MiKTeX/fonts/type1/publ
ic/amsfonts/cm/cmex10.pfb><C:/Users/kaima/AppData/Local/Programs/MiKTeX/fonts/t
ype1/public/amsfonts/cm/cmmi10.pfb><C:/Users/kaima/AppData/Local/Programs/MiKTe
X/fonts/type1/public/amsfonts/cm/cmmi6.pfb><C:/Users/kaima/AppData/Local/Progra
ms/MiKTeX/fonts/type1/public/amsfonts/cm/cmmi7.pfb><C:/Users/kaima/AppData/Loca
l/Programs/MiKTeX/fonts/type1/public/amsfonts/cm/cmmi8.pfb><C:/Users/kaima/AppD
ata/Local/Programs/MiKTeX/fonts/type1/public/amsfonts/cm/cmmi9.pfb><C:/Users/ka
ima/AppData/Local/Programs/MiKTeX/fonts/type1/public/amsfonts/cm/cmmib10.pfb><C
:/Users/kaima/AppData/Local/Programs/MiKTeX/fonts/type1/public/amsfonts/cmextra
/cmmib8.pfb><C:/Users/kaima/AppData/Local/Programs/MiKTeX/fonts/type1/public/am
sfonts/cm/cmr10.pfb><C:/Users/kaima/AppData/Local/Programs/MiKTeX/fonts/type1/p
ublic/amsfonts/cm/cmr12.pfb><C:/Users/kaima/AppData/Local/Programs/MiKTeX/fonts
/type1/public/amsfonts/cm/cmr6.pfb><C:/Users/kaima/AppData/Local/Programs/MiKTe
X/fonts/type1/public/amsfonts/cm/cmr7.pfb><C:/Users/kaima/AppData/Local/Program
s/MiKTeX/fonts/type1/public/amsfonts/cm/cmr8.pfb><C:/Users/kaima/AppData/Local/
Programs/MiKTeX/fonts/type1/public/amsfonts/cm/cmr9.pfb><C:/Users/kaima/AppData
/Local/Programs/MiKTeX/fonts/type1/public/amsfonts/cm/cmsy10.pfb><C:/Users/kaim
a/AppData/Local/Programs/MiKTeX/fonts/type1/public/amsfonts/cm/cmsy6.pfb><C:/Us
ers/kaima/AppData/Local/Programs/MiKTeX/fonts/type1/public/amsfonts/cm/cmsy7.pf
b><C:/Users/kaima/AppData/Local/Programs/MiKTeX/fonts/type1/public/amsfonts/cm/
cmsy8.pfb><C:/Users/kaima/AppData/Local/Programs/MiKTeX/fonts/type1/public/amsf
onts/cm/cmti10.pfb><C:/Users/kaima/AppData/Local/Programs/MiKTeX/fonts/type1/pu
blic/amsfonts/cm/cmtt10.pfb><C:/Users/kaima/AppData/Local/Programs/MiKTeX/fonts
/type1/public/amsfonts/symbols/msbm10.pfb>
Output written on main.pdf (60 pages, 3194586 bytes).
Transcript written on main.log.
Latexmk: Getting log file 'main.log'
Latexmk: Examining 'main.fls'
Latexmk: Examining 'main.log'
Latexmk: Found input bbl file 'main.bbl'
Latexmk: Log file says output to 'main.pdf'
Latexmk: Using bibtex to make bibliography file(s).
  ===Source file 'main.bbl' for 'pdflatex'
Latexmk: Found bibliography file(s):
  ./references.bib
Latexmk: All targets (main.pdf) are up-to-date

