\BOOKMARK [0][-]{chapter*.1}{\376\377\000A\000b\000s\000t\000r\000a\000c\000t}{}% 1
\BOOKMARK [0][-]{chapter*.2}{\376\377\000A\000c\000k\000n\000o\000w\000l\000e\000d\000g\000e\000m\000e\000n\000t\000s}{}% 2
\BOOKMARK [0][-]{section*.4}{\376\377\000L\000i\000s\000t\000\040\000o\000f\000\040\000F\000i\000g\000u\000r\000e\000s}{}% 3
\BOOKMARK [0][-]{section*.6}{\376\377\000L\000i\000s\000t\000\040\000o\000f\000\040\000T\000a\000b\000l\000e\000s}{}% 4
\BOOKMARK [0][-]{chapter.1}{\376\377\000I\000n\000t\000r\000o\000d\000u\000c\000t\000i\000o\000n}{}% 5
\BOOKMARK [1][-]{section.1.1}{\376\377\000M\000o\000t\000i\000v\000a\000t\000i\000o\000n}{chapter.1}% 6
\BOOKMARK [1][-]{section.1.2}{\376\377\000R\000e\000l\000a\000t\000e\000d\000\040\000w\000o\000r\000k}{chapter.1}% 7
\BOOKMARK [2][-]{subsection.1.2.1}{\376\377\000S\000i\000m\000u\000l\000a\000t\000i\000o\000n\000-\000b\000a\000s\000e\000d\000\040\000i\000n\000f\000e\000r\000e\000n\000c\000e}{section.1.2}% 8
\BOOKMARK [2][-]{subsection.1.2.2}{\376\377\000N\000o\000r\000m\000a\000l\000i\000s\000i\000n\000g\000\040\000f\000l\000o\000w\000s}{section.1.2}% 9
\BOOKMARK [2][-]{subsection.1.2.3}{\376\377\000N\000e\000u\000r\000a\000l\000\040\000B\000a\000y\000e\000s\000\040\000e\000s\000t\000i\000m\000a\000t\000i\000o\000n\000\040\000a\000n\000d\000\040\000a\000m\000o\000r\000t\000i\000s\000e\000d\000\040\000i\000n\000f\000e\000r\000e\000n\000c\000e}{section.1.2}% 10
\BOOKMARK [2][-]{subsection.1.2.4}{\376\377\000T\000h\000e\000\040\000s\000i\000m\000u\000l\000a\000t\000i\000o\000n\000\040\000c\000o\000s\000t\000\040\000o\000f\000\040\000l\000i\000k\000e\000l\000i\000h\000o\000o\000d\000-\000f\000r\000e\000e\000\040\000i\000n\000f\000e\000r\000e\000n\000c\000e}{section.1.2}% 11
\BOOKMARK [2][-]{subsection.1.2.5}{\376\377\000V\000a\000r\000i\000a\000n\000c\000e\000\040\000r\000e\000d\000u\000c\000t\000i\000o\000n\000\040\000f\000o\000r\000\040\000s\000t\000o\000c\000h\000a\000s\000t\000i\000c\000\040\000g\000r\000a\000d\000i\000e\000n\000t\000s}{section.1.2}% 12
\BOOKMARK [1][-]{section.1.3}{\376\377\000C\000o\000n\000t\000r\000i\000b\000u\000t\000i\000o\000n\000s}{chapter.1}% 13
\BOOKMARK [1][-]{section.1.4}{\376\377\000T\000h\000e\000s\000i\000s\000\040\000o\000u\000t\000l\000i\000n\000e}{chapter.1}% 14
\BOOKMARK [0][-]{chapter.2}{\376\377\000B\000a\000y\000e\000s\000i\000a\000n\000\040\000I\000n\000f\000e\000r\000e\000n\000c\000e}{}% 15
\BOOKMARK [1][-]{section.2.1}{\376\377\000C\000o\000n\000j\000u\000g\000a\000t\000e\000\040\000M\000o\000d\000e\000l\000s}{chapter.2}% 16
\BOOKMARK [2][-]{subsection.2.1.1}{\376\377\000A\000\040\000c\000o\000n\000j\000u\000g\000a\000t\000e\000\040\000e\000x\000a\000m\000p\000l\000e\000:\000\040\000l\000i\000n\000e\000a\000r\000\040\000r\000e\000g\000r\000e\000s\000s\000i\000o\000n}{section.2.1}% 17
\BOOKMARK [1][-]{section.2.2}{\376\377\000M\000a\000r\000k\000o\000v\000\040\000c\000h\000a\000i\000n\000\040\000M\000o\000n\000t\000e\000\040\000C\000a\000r\000l\000o}{chapter.2}% 18
\BOOKMARK [2][-]{subsection.2.2.1}{\376\377\000T\000h\000e\000\040\000M\000e\000t\000r\000o\000p\000o\000l\000i\000s\040\023\000H\000a\000s\000t\000i\000n\000g\000s\000\040\000a\000l\000g\000o\000r\000i\000t\000h\000m}{section.2.2}% 19
\BOOKMARK [2][-]{subsection.2.2.2}{\376\377\000T\000h\000e\000\040\000G\000i\000b\000b\000s\000\040\000s\000a\000m\000p\000l\000e\000r}{section.2.2}% 20
\BOOKMARK [1][-]{section.2.3}{\376\377\000C\000a\000s\000e\000\040\000s\000t\000u\000d\000i\000e\000s}{chapter.2}% 21
\BOOKMARK [2][-]{subsection.2.3.1}{\376\377\000E\000x\000a\000m\000p\000l\000e\000\040\0001\000\040\040\024\000\040\000t\000h\000e\000\040\000n\000o\000r\000m\000a\000l\000\040\000m\000o\000d\000e\000l}{section.2.3}% 22
\BOOKMARK [2][-]{subsection.2.3.2}{\376\377\000E\000x\000a\000m\000p\000l\000e\000\040\0002\000\040\040\024\000\040\000B\000a\000y\000e\000s\000i\000a\000n\000\040\000l\000i\000n\000e\000a\000r\000\040\000r\000e\000g\000r\000e\000s\000s\000i\000o\000n}{section.2.3}% 23
\BOOKMARK [2][-]{subsection.2.3.3}{\376\377\000E\000x\000a\000m\000p\000l\000e\000\040\0003\000\040\040\024\000\040\000t\000h\000e\000\040\000A\000R\000\050\0001\000\051\000\040\000m\000o\000d\000e\000l}{section.2.3}% 24
\BOOKMARK [1][-]{section.2.4}{\376\377\000T\000h\000e\000\040\000c\000o\000s\000t\000\040\000o\000f\000\040\000p\000e\000r\000-\000d\000a\000t\000a\000s\000e\000t\000\040\000i\000n\000f\000e\000r\000e\000n\000c\000e}{chapter.2}% 25
\BOOKMARK [0][-]{chapter.3}{\376\377\000A\000m\000o\000r\000t\000i\000s\000a\000t\000i\000o\000n\000\040\000a\000n\000d\000\040\000N\000e\000u\000r\000a\000l\000\040\000B\000a\000y\000e\000s\000\040\000E\000s\000t\000i\000m\000a\000t\000o\000r\000s}{}% 26
\BOOKMARK [1][-]{section.3.1}{\376\377\000T\000h\000e\000\040\000B\000a\000y\000e\000s\000\040\000e\000s\000t\000i\000m\000a\000t\000o\000r\000\040\000f\000r\000a\000m\000e\000w\000o\000r\000k}{chapter.3}% 27
\BOOKMARK [2][-]{subsection.3.1.1}{\376\377\000L\000o\000s\000s\000\040\000f\000u\000n\000c\000t\000i\000o\000n\000s\000\040\000a\000n\000d\000\040\000p\000o\000s\000t\000e\000r\000i\000o\000r\000\040\000s\000u\000m\000m\000a\000r\000i\000e\000s}{section.3.1}% 28
\BOOKMARK [1][-]{section.3.2}{\376\377\000N\000e\000u\000r\000a\000l\000\040\000B\000a\000y\000e\000s\000\040\000e\000s\000t\000i\000m\000a\000t\000o\000r\000s}{chapter.3}% 29
\BOOKMARK [2][-]{subsection.3.2.1}{\376\377\000T\000r\000a\000i\000n\000i\000n\000g\000\040\000b\000y\000\040\000s\000t\000o\000c\000h\000a\000s\000t\000i\000c\000\040\000g\000r\000a\000d\000i\000e\000n\000t\000\040\000d\000e\000s\000c\000e\000n\000t}{section.3.2}% 30
\BOOKMARK [1][-]{section.3.3}{\376\377\000N\000e\000u\000r\000a\000l\000\040\000a\000r\000c\000h\000i\000t\000e\000c\000t\000u\000r\000e\000s}{chapter.3}% 31
\BOOKMARK [2][-]{subsection.3.3.1}{\376\377\000T\000h\000e\000\040\000D\000e\000e\000p\000S\000e\000t\000s\000\040\000a\000r\000c\000h\000i\000t\000e\000c\000t\000u\000r\000e}{section.3.3}% 32
\BOOKMARK [2][-]{subsection.3.3.2}{\376\377\000R\000e\000c\000u\000r\000r\000e\000n\000t\000\040\000a\000r\000c\000h\000i\000t\000e\000c\000t\000u\000r\000e\000s\000\040\000f\000o\000r\000\040\000s\000e\000q\000u\000e\000n\000t\000i\000a\000l\000\040\000d\000a\000t\000a}{section.3.3}% 33
\BOOKMARK [2][-]{subsection.3.3.3}{\376\377\000F\000e\000e\000d\000-\000f\000o\000r\000w\000a\000r\000d\000\040\000a\000r\000c\000h\000i\000t\000e\000c\000t\000u\000r\000e\000s\000\040\000f\000o\000r\000\040\000f\000i\000x\000e\000d\000-\000d\000i\000m\000e\000n\000s\000i\000o\000n\000\040\000d\000a\000t\000a}{section.3.3}% 34
\BOOKMARK [1][-]{section.3.4}{\376\377\000E\000x\000a\000m\000p\000l\000e\000\040\0001\000:\000\040\000e\000s\000t\000i\000m\000a\000t\000i\000n\000g\000\040\000n\000o\000r\000m\000a\000l\000\040\000p\000a\000r\000a\000m\000e\000t\000e\000r\000s}{chapter.3}% 35
\BOOKMARK [0][-]{chapter.4}{\376\377\000R\000a\000o\000-\000B\000l\000a\000c\000k\000w\000e\000l\000l\000i\000s\000e\000d\000\040\000L\000o\000s\000s\000\040\000F\000u\000n\000c\000t\000i\000o\000n\000s}{}% 36
\BOOKMARK [1][-]{section.4.1}{\376\377\000R\000a\000o\000-\000B\000l\000a\000c\000k\000w\000e\000l\000l\000i\000s\000i\000n\000g\000\040\000t\000h\000e\000\040\000l\000o\000s\000s\000\040\000f\000u\000n\000c\000t\000i\000o\000n}{chapter.4}% 37
\BOOKMARK [2][-]{subsection.4.1.1}{\376\377\000T\000h\000e\000\040\000R\000a\000o\000-\000B\000l\000a\000c\000k\000w\000e\000l\000l\000\040\000t\000h\000e\000o\000r\000e\000m}{section.4.1}% 38
\BOOKMARK [2][-]{subsection.4.1.2}{\376\377\000R\000a\000o\000-\000B\000l\000a\000c\000k\000w\000e\000l\000l\000i\000s\000i\000n\000g\000\040\000t\000h\000e\000\040\000B\000a\000y\000e\000s\000\040\000r\000i\000s\000k}{section.4.1}% 39
\BOOKMARK [2][-]{subsection.4.1.3}{\376\377\000T\000h\000e\000\040\000s\000q\000u\000a\000r\000e\000d\000-\000e\000r\000r\000o\000r\000\040\000c\000a\000s\000e}{section.4.1}% 40
\BOOKMARK [2][-]{subsection.4.1.4}{\376\377\000T\000h\000e\000\040\000t\000r\000a\000i\000n\000i\000n\000g\000\040\000g\000r\000a\000d\000i\000e\000n\000t\000s}{section.4.1}% 41
\BOOKMARK [2][-]{subsection.4.1.5}{\376\377\000T\000h\000e\000\040\000l\000i\000n\000e\000a\000r\000\040\000n\000e\000t\000w\000o\000r\000k\000\040\000c\000a\000s\000e}{section.4.1}% 42
\BOOKMARK [1][-]{section.4.2}{\376\377\000A\000p\000p\000l\000i\000c\000a\000t\000i\000o\000n\000\040\000t\000o\000\040\000B\000a\000y\000e\000s\000i\000a\000n\000\040\000l\000i\000n\000e\000a\000r\000\040\000r\000e\000g\000r\000e\000s\000s\000i\000o\000n}{chapter.4}% 43
\BOOKMARK [2][-]{subsection.4.2.1}{\376\377\000T\000h\000e\000\040\000B\000a\000y\000e\000s\000i\000a\000n\000\040\000l\000i\000n\000e\000a\000r\000\040\000r\000e\000g\000r\000e\000s\000s\000i\000o\000n\000\040\000m\000o\000d\000e\000l}{section.4.2}% 44
\BOOKMARK [2][-]{subsection.4.2.2}{\376\377\000M\000o\000n\000t\000e\000\040\000C\000a\000r\000l\000o\000\040\000a\000n\000d\000\040\000R\000a\000o\000-\000B\000l\000a\000c\000k\000w\000e\000l\000l\000i\000s\000e\000d\000\040\000t\000r\000a\000i\000n\000i\000n\000g\000\040\000l\000o\000s\000s\000e\000s}{section.4.2}% 45
\BOOKMARK [2][-]{subsection.4.2.3}{\376\377\000Q\000u\000a\000n\000t\000i\000f\000y\000i\000n\000g\000\040\000t\000h\000e\000\040\000v\000a\000r\000i\000a\000n\000c\000e\000\040\000r\000e\000d\000u\000c\000t\000i\000o\000n}{section.4.2}% 46
\BOOKMARK [2][-]{subsection.4.2.4}{\376\377\000T\000h\000e\000\040\000G\000i\000b\000b\000s\000\040\000b\000e\000n\000c\000h\000m\000a\000r\000k}{section.4.2}% 47
\BOOKMARK [2][-]{subsection.4.2.5}{\376\377\000E\000x\000p\000e\000r\000i\000m\000e\000n\000t\000a\000l\000\040\000d\000e\000s\000i\000g\000n}{section.4.2}% 48
\BOOKMARK [2][-]{subsection.4.2.6}{\376\377\000R\000e\000s\000u\000l\000t\000s}{section.4.2}% 49
\BOOKMARK [1][-]{section.4.3}{\376\377\000P\000l\000u\000g\000-\000i\000n\000\040\000v\000e\000r\000s\000u\000s\000\040\000R\000a\000o\000-\000B\000l\000a\000c\000k\000w\000e\000l\000l\000i\000s\000e\000d\000\040\000e\000s\000t\000i\000m\000a\000t\000o\000r\000s}{chapter.4}% 50
\BOOKMARK [1][-]{section.4.4}{\376\377\000D\000i\000s\000c\000u\000s\000s\000i\000o\000n}{chapter.4}% 51
\BOOKMARK [0][-]{chapter.5}{\376\377\000I\000m\000p\000o\000r\000t\000a\000n\000c\000e\000\040\000S\000a\000m\000p\000l\000i\000n\000g}{}% 52
\BOOKMARK [1][-]{section.5.1}{\376\377\000I\000m\000p\000o\000r\000t\000a\000n\000c\000e\000\040\000s\000a\000m\000p\000l\000i\000n\000g}{chapter.5}% 53
\BOOKMARK [1][-]{section.5.2}{\376\377\000A\000p\000p\000l\000i\000c\000a\000t\000i\000o\000n\000\040\000t\000o\000\040\000a\000n\000\040\000A\000R\000\050\0001\000\051\000\040\000m\000o\000d\000e\000l}{chapter.5}% 54
\BOOKMARK [2][-]{subsection.5.2.1}{\376\377\000T\000h\000e\000\040\000A\000R\000\050\0001\000\051\000\040\000m\000o\000d\000e\000l\000\040\000a\000n\000d\000\040\000a\000\040\000r\000e\000c\000u\000r\000r\000e\000n\000t\000\040\000e\000s\000t\000i\000m\000a\000t\000o\000r}{section.5.2}% 55
\BOOKMARK [2][-]{subsection.5.2.2}{\376\377\000A\000\040\000f\000a\000m\000i\000l\000y\000\040\000o\000f\000\040\000p\000r\000o\000p\000o\000s\000a\000l\000s}{section.5.2}% 56
\BOOKMARK [2][-]{subsection.5.2.3}{\376\377\000R\000e\000s\000u\000l\000t\000s}{section.5.2}% 57
\BOOKMARK [2][-]{subsection.5.2.4}{\376\377\000T\000h\000e\000\040\000g\000r\000a\000d\000i\000e\000n\000t\000\040\000v\000a\000r\000i\000a\000n\000c\000e\000,\000\040\000m\000e\000a\000s\000u\000r\000e\000d\000\040\000d\000i\000r\000e\000c\000t\000l\000y}{section.5.2}% 58
\BOOKMARK [2][-]{subsection.5.2.5}{\376\377\000W\000h\000y\000\040\000r\000e\000w\000e\000i\000g\000h\000t\000i\000n\000g\000\040\000c\000a\000n\000n\000o\000t\000\040\000h\000e\000l\000p\000\040\000h\000e\000r\000e}{section.5.2}% 59
\BOOKMARK [1][-]{section.5.3}{\376\377\000W\000h\000e\000n\000\040\000i\000m\000p\000o\000r\000t\000a\000n\000c\000e\000\040\000s\000a\000m\000p\000l\000i\000n\000g\000\040\000c\000a\000n\000\040\000h\000e\000l\000p}{chapter.5}% 60
\BOOKMARK [1][-]{section.5.4}{\376\377\000D\000i\000s\000c\000u\000s\000s\000i\000o\000n}{chapter.5}% 61
\BOOKMARK [0][-]{chapter.6}{\376\377\000D\000i\000s\000c\000u\000s\000s\000i\000o\000n\000\040\000a\000n\000d\000\040\000C\000o\000n\000c\000l\000u\000s\000i\000o\000n}{}% 62
\BOOKMARK [1][-]{section.6.1}{\376\377\000F\000u\000t\000u\000r\000e\000\040\000w\000o\000r\000k}{chapter.6}% 63
\BOOKMARK [1][-]{section.6.2}{\376\377\000C\000o\000n\000c\000l\000u\000s\000i\000o\000n}{chapter.6}% 64
\BOOKMARK [0][-]{appendix.A}{\376\377\000D\000e\000r\000i\000v\000a\000t\000i\000o\000n\000s}{}% 65
\BOOKMARK [1][-]{section.A.1}{\376\377\000D\000e\000t\000a\000i\000l\000e\000d\000\040\000b\000a\000l\000a\000n\000c\000e\000\040\000f\000o\000r\000\040\000M\000e\000t\000r\000o\000p\000o\000l\000i\000s\040\023\000H\000a\000s\000t\000i\000n\000g\000s}{appendix.A}% 66
\BOOKMARK [1][-]{section.A.2}{\376\377\000T\000h\000e\000\040\000o\000p\000t\000i\000m\000a\000l\000\040\000i\000m\000p\000o\000r\000t\000a\000n\000c\000e\000\040\000s\000a\000m\000p\000l\000i\000n\000g\000\040\000p\000r\000o\000p\000o\000s\000a\000l}{appendix.A}% 67
\BOOKMARK [0][-]{appendix.B}{\376\377\000E\000x\000p\000e\000r\000i\000m\000e\000n\000t\000a\000l\000\040\000d\000e\000t\000a\000i\000l\000s}{}% 68
\BOOKMARK [1][-]{section.B.1}{\376\377\000C\000o\000n\000f\000i\000g\000u\000r\000a\000t\000i\000o\000n\000\040\000a\000n\000d\000\040\000p\000r\000o\000t\000o\000c\000o\000l}{appendix.B}% 69
\BOOKMARK [1][-]{section.B.2}{\376\377\000M\000a\000i\000n\000\040\000g\000r\000i\000d\000\040\000r\000e\000s\000u\000l\000t\000s}{appendix.B}% 70
\BOOKMARK [1][-]{section.B.3}{\376\377\000B\000a\000t\000c\000h\000-\000s\000i\000z\000e\000\040\000s\000w\000e\000e\000p}{appendix.B}% 71
\BOOKMARK [1][-]{section.B.4}{\376\377\000B\000a\000y\000e\000s\000-\000o\000p\000t\000i\000m\000a\000l\000\040\000f\000l\000o\000o\000r\000s}{appendix.B}% 72
\BOOKMARK [1][-]{section.B.5}{\376\377\000S\000e\000c\000o\000n\000d\000\040\000d\000e\000s\000i\000g\000n\000\040\000m\000a\000t\000r\000i\000x}{appendix.B}% 73
\BOOKMARK [1][-]{section.B.6}{\376\377\000R\000e\000p\000r\000o\000d\000u\000c\000t\000i\000o\000n}{appendix.B}% 74
